../Core/Src/main.c:115:6:EXTI0_IRQHandler	4	static
../Core/Src/main.c:128:6:EXTI9_5_IRQHandler	4	static
../Core/Src/main.c:170:6:TIM4_IRQHandler	4	static
../Core/Src/main.c:193:5:main	32	static
../Core/Src/main.c:778:6:SystemClock_Config	96	static
../Core/Src/main.c:832:13:MX_ADC_Init	24	static
../Core/Src/main.c:887:13:MX_LCD_Init	8	static
../Core/Src/main.c:924:13:MX_TIM2_Init	32	static
../Core/Src/main.c:969:13:MX_TIM3_Init	32	static
../Core/Src/main.c:1014:13:MX_TIM4_Init	32	static
../Core/Src/main.c:1059:13:MX_TS_Init	4	static
../Core/Src/main.c:1080:13:MX_USART3_UART_Init	8	static
../Core/Src/main.c:1113:13:MX_GPIO_Init	48	static
../Core/Src/main.c:1149:6:Error_Handler	4	static,ignoring_inline_asm
