../Core/Src/main.c:109:6:EXTI0_IRQHandler	4	static
../Core/Src/main.c:122:6:EXTI9_5_IRQHandler	4	static
../Core/Src/main.c:164:6:TIM4_IRQHandler	4	static
../Core/Src/main.c:183:6:ADC1_IRQHandler	4	static
../Core/Src/main.c:211:5:main	8	static
../Core/Src/main.c:784:6:SystemClock_Config	96	static
../Core/Src/main.c:838:13:MX_ADC_Init	24	static
../Core/Src/main.c:893:13:MX_LCD_Init	8	static
../Core/Src/main.c:930:13:MX_TIM2_Init	32	static
../Core/Src/main.c:975:13:MX_TIM3_Init	32	static
../Core/Src/main.c:1020:13:MX_TIM4_Init	32	static
../Core/Src/main.c:1065:13:MX_TS_Init	4	static
../Core/Src/main.c:1086:13:MX_USART3_UART_Init	8	static
../Core/Src/main.c:1119:13:MX_GPIO_Init	48	static
../Core/Src/main.c:1155:6:Error_Handler	4	static,ignoring_inline_asm
