../Core/Src/stm32l152c_discovery_glass_lcd.c:168:6:BSP_LCD_GLASS_Init	8	static
../Core/Src/stm32l152c_discovery_glass_lcd.c:193:6:BSP_LCD_GLASS_DeInit	8	static
../Core/Src/stm32l152c_discovery_glass_lcd.c:221:6:BSP_LCD_GLASS_BlinkConfig	16	static
../Core/Src/stm32l152c_discovery_glass_lcd.c:240:6:BSP_LCD_GLASS_Contrast	16	static
../Core/Src/stm32l152c_discovery_glass_lcd.c:255:6:BSP_LCD_GLASS_DisplayBar	24	static
../Core/Src/stm32l152c_discovery_glass_lcd.c:309:6:BSP_LCD_GLASS_ClearBar	24	static
../Core/Src/stm32l152c_discovery_glass_lcd.c:364:6:BSP_LCD_GLASS_BarLevelConfig	16	static
../Core/Src/stm32l152c_discovery_glass_lcd.c:434:6:BSP_LCD_GLASS_WriteChar	16	static
../Core/Src/stm32l152c_discovery_glass_lcd.c:458:6:BSP_LCD_GLASS_DisplayChar	24	static
../Core/Src/stm32l152c_discovery_glass_lcd.c:609:6:BSP_LCD_GLASS_DisplayString	24	static
../Core/Src/stm32l152c_discovery_glass_lcd.c:633:6:BSP_LCD_GLASS_DisplayStrDeci	24	static
../Core/Src/stm32l152c_discovery_glass_lcd.c:668:6:BSP_LCD_GLASS_Clear	8	static
../Core/Src/stm32l152c_discovery_glass_lcd.c:683:6:BSP_LCD_GLASS_ScrollSentence	32	static
../Core/Src/stm32l152c_discovery_glass_lcd.c:740:13:LCD_MspInit	120	static
../Core/Src/stm32l152c_discovery_glass_lcd.c:800:13:LCD_MspDeInit	32	static
../Core/Src/stm32l152c_discovery_glass_lcd.c:837:13:Convert	24	static
